
> my-app@0.1.0 build
> next build

   ▲ Next.js 15.5.14
   - Environments: .env.local
   - Experiments (use with caution):
     · serverActions
     · optimizePackageImports

   Creating an optimized production build ...
 ✓ Compiled successfully in 37.0s
   Linting and checking validity of types ...
Browserslist: browsers data (caniuse-lite) is 6 months old. Please run:
  npx update-browserslist-db@latest
  Why you should do it regularly: https://github.com/browserslist/update-db#readme
   Collecting page data ...
   Generating static pages (0/99) ...
   Generating static pages (24/99) 
   Generating static pages (49/99) 
   Generating static pages (74/99) 
 ✓ Generating static pages (99/99)
   Finalizing page optimization ...
   Collecting build traces ...

Route (app)                                                   Size  First Load JS  Revalidate  Expire
┌ ○ /                                                      38.9 kB         161 kB          5m      1y
├ ○ /_not-found                                              301 B         103 kB          1h      1y
├ ƒ /[slug]                                                  138 B         129 kB
├ ○ /about                                                 7.56 kB         110 kB          1h      1y
├ ○ /accessories                                             140 B         129 kB          1h      1y
├ ƒ /accessories/[slug]                                      138 B         129 kB
├ ○ /accessories/airpods                                     141 B         129 kB          1h      1y
├ ○ /accessories/anker-batteries                             141 B         129 kB          1h      1y
├ ○ /admin                                                   301 B         103 kB          1h      1y
├ ○ /admin/banks                                           4.13 kB         123 kB          1h      1y
├ ○ /admin/banks/add                                       1.73 kB         118 kB          1h      1y
├ ○ /admin/banners                                         7.91 kB         116 kB          1h      1y
├ ○ /admin/card-settings                                   5.89 kB         108 kB          1h      1y
├ ○ /admin/category-banners                                3.89 kB         117 kB          1h      1y
├ ○ /admin/category-items                                  7.38 kB         110 kB          1h      1y
├ ○ /admin/company                                         7.83 kB         110 kB          1h      1y
├ ○ /admin/dashboard                                         301 B         103 kB          1h      1y
├ ○ /admin/files                                           5.33 kB         113 kB          1h      1y
├ ○ /admin/login                                           3.02 kB         109 kB          1h      1y
├ ○ /admin/main-categories                                 7.71 kB         110 kB          1h      1y
├ ○ /admin/orders                                          8.14 kB         110 kB          1h      1y
├ ƒ /admin/orders/[id]                                     8.89 kB         111 kB
├ ƒ /admin/orders/[id]/cancellation                           3 kB         105 kB
├ ƒ /admin/orders/[id]/contract                            2.63 kB         105 kB
├ ƒ /admin/orders/[id]/invoice                              2.9 kB         105 kB
├ ƒ /admin/orders/[id]/print                               5.46 kB         108 kB
├ ƒ /admin/orders/[id]/receipt                             2.44 kB         105 kB
├ ○ /admin/products                                         7.5 kB         110 kB          1h      1y
├ ƒ /admin/products/[id]/edit                              8.06 kB         110 kB
├ ○ /admin/products/new                                    7.88 kB         110 kB          1h      1y
├ ○ /admin/reviews                                         8.72 kB         111 kB          1h      1y
├ ○ /admin/sub-categories                                  9.38 kB         115 kB          1h      1y
├ ○ /admin/users                                           8.54 kB         111 kB          1h      1y
├ ƒ /api/admin/banks                                         301 B         103 kB
├ ƒ /api/admin/banks/[id]                                    301 B         103 kB
├ ƒ /api/admin/banners                                       301 B         103 kB
├ ƒ /api/admin/banners/[index]                               301 B         103 kB
├ ƒ /api/admin/banners/[index]/image                         301 B         103 kB
├ ƒ /api/admin/banners/add                                   301 B         103 kB
├ ƒ /api/admin/banners/toggle/[index]                        301 B         103 kB
├ ƒ /api/admin/banners/upload/[index]                        301 B         103 kB
├ ƒ /api/admin/card-field-settings                           301 B         103 kB
├ ƒ /api/admin/categories                                    301 B         103 kB
├ ƒ /api/admin/category-banners-bulk                         301 B         103 kB
├ ƒ /api/admin/category-banners/[category]                   301 B         103 kB
├ ƒ /api/admin/category-banners/[category]/[index]           301 B         103 kB
├ ƒ /api/admin/category-banners/[category]/[index]/image     301 B         103 kB
├ ƒ /api/admin/category-banners/[category]/add               301 B         103 kB
├ ƒ /api/admin/category-banners/[category]/toggle/[index]    301 B         103 kB
├ ƒ /api/admin/category-banners/[category]/upload/[index]    301 B         103 kB
├ ƒ /api/admin/company                                       301 B         103 kB
├ ƒ /api/admin/company/footer-file/[key]                     301 B         103 kB
├ ƒ /api/admin/company/footer-image/[key]                    301 B         103 kB
├ ƒ /api/admin/company/footer-items/file/[index]             301 B         103 kB
├ ƒ /api/admin/company/footer-items/image/[index]            301 B         103 kB
├ ƒ /api/admin/company/image/[key]                           301 B         103 kB
├ ƒ /api/admin/company/upload/[key]                          301 B         103 kB
├ ƒ /api/admin/login                                         301 B         103 kB
├ ƒ /api/admin/logout                                        301 B         103 kB
├ ƒ /api/admin/main-categories                               301 B         103 kB
├ ƒ /api/admin/main-categories/extra                         301 B         103 kB
├ ƒ /api/admin/main-categories/remove                        301 B         103 kB
├ ƒ /api/admin/main-categories/rename                        301 B         103 kB
├ ƒ /api/admin/orders                                        301 B         103 kB
├ ƒ /api/admin/orders/[id]                                   301 B         103 kB
├ ƒ /api/admin/orders/[id]/invoice                           301 B         103 kB
├ ƒ /api/admin/products                                      301 B         103 kB
├ ƒ /api/admin/products/[id]                                 301 B         103 kB
├ ƒ /api/admin/products/upload-image                         301 B         103 kB
├ ƒ /api/admin/reviews/[id]                                  301 B         103 kB
├ ƒ /api/admin/reviews/[id]/toggle                           301 B         103 kB
├ ƒ /api/admin/reviews/admin-add                             301 B         103 kB
├ ƒ /api/admin/reviews/all                                   301 B         103 kB
├ ƒ /api/admin/sub-categories                                301 B         103 kB
├ ƒ /api/admin/sub-categories/all                            301 B         103 kB
├ ƒ /api/admin/sub-categories/extra                          301 B         103 kB
├ ƒ /api/admin/sub-categories/max                            301 B         103 kB
├ ƒ /api/admin/sub-categories/public                         301 B         103 kB
├ ƒ /api/admin/sub-categories/remove                         301 B         103 kB
├ ƒ /api/admin/sub-categories/settings                       301 B         103 kB
├ ƒ /api/admin/sub-categories/settings/image                 301 B         103 kB
├ ƒ /api/admin/sub-categories/settings/max                   301 B         103 kB
├ ƒ /api/admin/sub-categories/settings/order                 301 B         103 kB
├ ƒ /api/admin/sub-categories/settings/toggle                301 B         103 kB
├ ƒ /api/admin/users                                         301 B         103 kB
├ ƒ /api/admin/users/[id]                                    301 B         103 kB
├ ƒ /api/admin/verify                                        301 B         103 kB
├ ƒ /api/company                                             301 B         103 kB
├ ƒ /api/file-proxy                                          301 B         103 kB
├ ƒ /api/notify                                              301 B         103 kB
├ ƒ /api/places                                              301 B         103 kB
├ ƒ /api/products                                            301 B         103 kB
├ ƒ /api/products/[id]                                       301 B         103 kB
├ ƒ /api/resend                                              301 B         103 kB
├ ƒ /api/revalidate                                          301 B         103 kB
├ ƒ /api/reviews                                             301 B         103 kB
├ ƒ /api/sub-categories-home                                 301 B         103 kB
├ ƒ /api/verify                                              301 B         103 kB
├ ƒ /apple-watches/[slug]                                    137 B         129 kB
├ ○ /apple-watches/se                                        141 B         129 kB          1h      1y
├ ○ /audio                                                   141 B         129 kB          1h      1y
├ ƒ /audio/[slug]                                            138 B         129 kB
├ ○ /cart                                                   4.8 kB         121 kB          1h      1y
├ ○ /checkout                                               117 kB         227 kB          1h      1y
├ ○ /checkout/verify                                       3.34 kB         106 kB          1h      1y
├ ○ /file                                                    873 B         103 kB          1h      1y
├ ○ /games                                                 8.83 kB         168 kB          1h      1y
├ ƒ /games/[slug]                                            138 B         129 kB
├ ƒ /laptops/[slug]                                          138 B         129 kB
├ ○ /laptops/macbook-air                                     140 B         129 kB          1h      1y
├ ○ /payment                                               4.93 kB         113 kB          1h      1y
├ ○ /payment-method                                        6.41 kB         119 kB          1h      1y
├ ○ /playstation                                             141 B         129 kB          1h      1y
├ ƒ /playstation/[slug]                                      138 B         129 kB
├ ○ /privacy                                               4.93 kB         107 kB          1h      1y
├ ƒ /product/[id]                                          11.2 kB         127 kB
├ ○ /return-policy                                         4.63 kB         107 kB          1h      1y
├ ○ /robots.txt                                              301 B         103 kB
├ ○ /search                                                4.17 kB         124 kB          1h      1y
├ ○ /sitemap.xml                                             301 B         103 kB          1h      1y
├ ƒ /smartphones/[slug]                                      138 B         129 kB
├ ○ /smartphones/apple-only                                7.71 kB         129 kB          1h      1y
├ ○ /smartphones/iphone-15-plus                              141 B         129 kB          1h      1y
├ ○ /smartphones/iphone-15-pro-max                           141 B         129 kB          1h      1y
├ ○ /smartphones/iphone-16                                   141 B         129 kB          1h      1y
├ ○ /smartphones/iphone-16-plus                              140 B         129 kB          1h      1y
├ ○ /smartphones/iphone-16-pro                               141 B         129 kB          1h      1y
├ ○ /smartphones/iphone-16-pro-max                           140 B         129 kB          1h      1y
├ ○ /smartphones/iphone-17                                   141 B         129 kB          1h      1y
├ ○ /smartphones/iphone-17-air                               141 B         129 kB          1h      1y
├ ○ /smartphones/iphone-17-pro                               141 B         129 kB          1h      1y
├ ○ /smartphones/iphone-17-pro-max                           141 B         129 kB          1h      1y
├ ○ /smartphones/samsung-only                              6.89 kB         128 kB          1h      1y
├ ○ /smartphones/samsung-s22-ultra                           141 B         129 kB          1h      1y
├ ○ /smartphones/samsung-s23-ultra                           140 B         129 kB          1h      1y
├ ○ /smartphones/samsung-s24-ultra                           140 B         129 kB          1h      1y
├ ○ /smartphones/samsung-s25-ultra                           141 B         129 kB          1h      1y
├ ○ /smartphones/samsung-s26-ultra                           141 B         129 kB          1h      1y
├ ƒ /tablets/[slug]                                          137 B         129 kB
└ ○ /tablets/ipad                                            140 B         129 kB          1h      1y
+ First Load JS shared by all                               102 kB
  ├ chunks/1255-aadf393aa3a56bfa.js                          46 kB
  ├ chunks/4bd1b696-f785427dddbba9fb.js                    54.2 kB
  └ other shared chunks (total)                            2.06 kB


ƒ Middleware                                               34.7 kB

○  (Static)   prerendered as static content
ƒ  (Dynamic)  server-rendered on demand

